<?xml version="1.0" encoding="utf-8"?>
<TestRun id="681729f2-f3b6-4f4b-87b2-09f64f82ac5d" name="elkku@VICTUS 2025-10-22 21:38:24" runUser="VICTUS\elkku" xmlns="http://microsoft.com/schemas/VisualStudio/TeamTest/2010">
  <Times creation="2025-10-22T21:38:24.7499125+03:00" queuing="2025-10-22T21:38:24.7499131+03:00" start="2025-10-22T21:38:22.9292045+03:00" finish="2025-10-22T21:38:24.7641603+03:00" />
  <TestSettings name="default" id="a229c1f6-bf34-45bf-9c54-351a84a1e4c7">
    <Deployment runDeploymentRoot="elkku_VICTUS_2025-10-22_21_38_24" />
  </TestSettings>
  <Results>
    <UnitTestResult executionId="5ef884ec-0a89-4140-b5a3-c4dc8a5f5d7f" testId="36638334-bbc6-c475-7b17-43fa87698e70" testName="ShoppingCart.Tests.PricingServiceTests.CalculateTotal_Precision_IsPreserved" computerName="VICTUS" duration="00:00:00.0005662" startTime="2025-10-22T21:38:24.5517158+03:00" endTime="2025-10-22T21:38:24.5517159+03:00" testType="13cdc9d9-ddb5-4fa4-a97d-d965ccfc6d4b" outcome="Passed" testListId="8c84fa94-04c1-424b-9868-57a2d4851a1d" relativeResultsDirectory="5ef884ec-0a89-4140-b5a3-c4dc8a5f5d7f" />
    <UnitTestResult executionId="4064c7d8-94fe-4138-beaa-ca702781a961" testId="30243816-95cb-e825-f737-660b31b70511" testName="ShoppingCart.Tests.PricingServiceTests.CalculateTotal_ZeroPriceOrQuantity_ReturnsZero(price: 5, qty: 0, expected: 0)" computerName="VICTUS" duration="00:00:00.0006022" startTime="2025-10-22T21:38:24.5516654+03:00" endTime="2025-10-22T21:38:24.5516655+03:00" testType="13cdc9d9-ddb5-4fa4-a97d-d965ccfc6d4b" outcome="Passed" testListId="8c84fa94-04c1-424b-9868-57a2d4851a1d" relativeResultsDirectory="4064c7d8-94fe-4138-beaa-ca702781a961" />
    <UnitTestResult executionId="574bc333-c7dd-4aa1-b1db-84d838846303" testId="b6ae1eaa-ee8e-0676-5f88-ffd977c4ee4b" testName="ShoppingCart.Tests.PricingServiceTests.CalculateTotal_EmptyList_ReturnsZero" computerName="VICTUS" duration="00:00:00.0002480" startTime="2025-10-22T21:38:24.5505510+03:00" endTime="2025-10-22T21:38:24.5505510+03:00" testType="13cdc9d9-ddb5-4fa4-a97d-d965ccfc6d4b" outcome="Passed" testListId="8c84fa94-04c1-424b-9868-57a2d4851a1d" relativeResultsDirectory="574bc333-c7dd-4aa1-b1db-84d838846303" />
    <UnitTestResult executionId="49862333-f1e0-4033-90b3-3e63402ae96f" testId="b987193a-fd52-ddc4-ca7f-d5ef21343467" testName="ShoppingCart.Tests.PricingServiceTests.CalculateTotal_SingleItem_CalculatesCorrectly" computerName="VICTUS" duration="00:00:00.0346754" startTime="2025-10-22T21:38:24.5459151+03:00" endTime="2025-10-22T21:38:24.5459414+03:00" testType="13cdc9d9-ddb5-4fa4-a97d-d965ccfc6d4b" outcome="Passed" testListId="8c84fa94-04c1-424b-9868-57a2d4851a1d" relativeResultsDirectory="49862333-f1e0-4033-90b3-3e63402ae96f" />
    <UnitTestResult executionId="f1254093-2d72-4157-af78-ce30f2bd6b13" testId="1c3c2195-93a9-9e9f-78fa-439b73134daa" testName="ShoppingCart.Tests.PricingServiceTests.CalculateTotal_NegativeValues_IncludedInSum" computerName="VICTUS" duration="00:00:00.0002328" startTime="2025-10-22T21:38:24.5515934+03:00" endTime="2025-10-22T21:38:24.5515934+03:00" testType="13cdc9d9-ddb5-4fa4-a97d-d965ccfc6d4b" outcome="Passed" testListId="8c84fa94-04c1-424b-9868-57a2d4851a1d" relativeResultsDirectory="f1254093-2d72-4157-af78-ce30f2bd6b13" />
    <UnitTestResult executionId="d7ecbd93-d3f6-4990-bdac-4d8d51c3af40" testId="2ac53ca2-1274-1bbe-2cb5-954ccd617b4d" testName="ShoppingCart.Tests.PricingServiceTests.CalculateTotal_ReturnsSumOfPriceTimesQuantity" computerName="VICTUS" duration="00:00:00.0001517" startTime="2025-10-22T21:38:24.5515455+03:00" endTime="2025-10-22T21:38:24.5515456+03:00" testType="13cdc9d9-ddb5-4fa4-a97d-d965ccfc6d4b" outcome="Passed" testListId="8c84fa94-04c1-424b-9868-57a2d4851a1d" relativeResultsDirectory="d7ecbd93-d3f6-4990-bdac-4d8d51c3af40" />
    <UnitTestResult executionId="1e32f80f-d1a2-4d54-88df-07e65e9954fa" testId="d984b7c4-b753-4d04-d364-4c0abeb664fd" testName="ShoppingCart.Tests.PricingServiceTests.CalculateTotal_ZeroPriceOrQuantity_ReturnsZero(price: 0, qty: 0, expected: 0)" computerName="VICTUS" duration="00:00:00.0000201" startTime="2025-10-22T21:38:24.5516889+03:00" endTime="2025-10-22T21:38:24.5516889+03:00" testType="13cdc9d9-ddb5-4fa4-a97d-d965ccfc6d4b" outcome="Passed" testListId="8c84fa94-04c1-424b-9868-57a2d4851a1d" relativeResultsDirectory="1e32f80f-d1a2-4d54-88df-07e65e9954fa" />
    <UnitTestResult executionId="1d7187a5-34f1-4fbf-bd4d-508158102813" testId="d0f8a5e7-a88d-0be8-ac17-1499c73d48fb" testName="ShoppingCart.Tests.PricingServiceTests.CalculateTotal_ZeroPriceOrQuantity_ReturnsZero(price: 0, qty: 5, expected: 0)" computerName="VICTUS" duration="00:00:00.0008171" startTime="2025-10-22T21:38:24.5516292+03:00" endTime="2025-10-22T21:38:24.5516293+03:00" testType="13cdc9d9-ddb5-4fa4-a97d-d965ccfc6d4b" outcome="Passed" testListId="8c84fa94-04c1-424b-9868-57a2d4851a1d" relativeResultsDirectory="1d7187a5-34f1-4fbf-bd4d-508158102813" />
  </Results>
  <TestDefinitions>
    <UnitTest name="ShoppingCart.Tests.PricingServiceTests.CalculateTotal_EmptyList_ReturnsZero" storage="c:\users\elkku\otp2-tasks\inclass1\shopping-cart\tests\shoppingcart.tests\bin\debug\net9.0\shoppingcart.tests.dll" id="b6ae1eaa-ee8e-0676-5f88-ffd977c4ee4b">
      <Execution id="574bc333-c7dd-4aa1-b1db-84d838846303" />
      <TestMethod codeBase="C:\Users\elkku\otp2-tasks\inClass1\shopping-cart\tests\ShoppingCart.Tests\bin\Debug\net9.0\ShoppingCart.Tests.dll" adapterTypeName="executor://xunit/VsTestRunner2/netcoreapp" className="ShoppingCart.Tests.PricingServiceTests" name="CalculateTotal_EmptyList_ReturnsZero" />
    </UnitTest>
    <UnitTest name="ShoppingCart.Tests.PricingServiceTests.CalculateTotal_ZeroPriceOrQuantity_ReturnsZero(price: 0, qty: 0, expected: 0)" storage="c:\users\elkku\otp2-tasks\inclass1\shopping-cart\tests\shoppingcart.tests\bin\debug\net9.0\shoppingcart.tests.dll" id="d984b7c4-b753-4d04-d364-4c0abeb664fd">
      <Execution id="1e32f80f-d1a2-4d54-88df-07e65e9954fa" />
      <TestMethod codeBase="C:\Users\elkku\otp2-tasks\inClass1\shopping-cart\tests\ShoppingCart.Tests\bin\Debug\net9.0\ShoppingCart.Tests.dll" adapterTypeName="executor://xunit/VsTestRunner2/netcoreapp" className="ShoppingCart.Tests.PricingServiceTests" name="CalculateTotal_ZeroPriceOrQuantity_ReturnsZero" />
    </UnitTest>
    <UnitTest name="ShoppingCart.Tests.PricingServiceTests.CalculateTotal_ZeroPriceOrQuantity_ReturnsZero(price: 5, qty: 0, expected: 0)" storage="c:\users\elkku\otp2-tasks\inclass1\shopping-cart\tests\shoppingcart.tests\bin\debug\net9.0\shoppingcart.tests.dll" id="30243816-95cb-e825-f737-660b31b70511">
      <Execution id="4064c7d8-94fe-4138-beaa-ca702781a961" />
      <TestMethod codeBase="C:\Users\elkku\otp2-tasks\inClass1\shopping-cart\tests\ShoppingCart.Tests\bin\Debug\net9.0\ShoppingCart.Tests.dll" adapterTypeName="executor://xunit/VsTestRunner2/netcoreapp" className="ShoppingCart.Tests.PricingServiceTests" name="CalculateTotal_ZeroPriceOrQuantity_ReturnsZero" />
    </UnitTest>
    <UnitTest name="ShoppingCart.Tests.PricingServiceTests.CalculateTotal_ZeroPriceOrQuantity_ReturnsZero(price: 0, qty: 5, expected: 0)" storage="c:\users\elkku\otp2-tasks\inclass1\shopping-cart\tests\shoppingcart.tests\bin\debug\net9.0\shoppingcart.tests.dll" id="d0f8a5e7-a88d-0be8-ac17-1499c73d48fb">
      <Execution id="1d7187a5-34f1-4fbf-bd4d-508158102813" />
      <TestMethod codeBase="C:\Users\elkku\otp2-tasks\inClass1\shopping-cart\tests\ShoppingCart.Tests\bin\Debug\net9.0\ShoppingCart.Tests.dll" adapterTypeName="executor://xunit/VsTestRunner2/netcoreapp" className="ShoppingCart.Tests.PricingServiceTests" name="CalculateTotal_ZeroPriceOrQuantity_ReturnsZero" />
    </UnitTest>
    <UnitTest name="ShoppingCart.Tests.PricingServiceTests.CalculateTotal_Precision_IsPreserved" storage="c:\users\elkku\otp2-tasks\inclass1\shopping-cart\tests\shoppingcart.tests\bin\debug\net9.0\shoppingcart.tests.dll" id="36638334-bbc6-c475-7b17-43fa87698e70">
      <Execution id="5ef884ec-0a89-4140-b5a3-c4dc8a5f5d7f" />
      <TestMethod codeBase="C:\Users\elkku\otp2-tasks\inClass1\shopping-cart\tests\ShoppingCart.Tests\bin\Debug\net9.0\ShoppingCart.Tests.dll" adapterTypeName="executor://xunit/VsTestRunner2/netcoreapp" className="ShoppingCart.Tests.PricingServiceTests" name="CalculateTotal_Precision_IsPreserved" />
    </UnitTest>
    <UnitTest name="ShoppingCart.Tests.PricingServiceTests.CalculateTotal_ReturnsSumOfPriceTimesQuantity" storage="c:\users\elkku\otp2-tasks\inclass1\shopping-cart\tests\shoppingcart.tests\bin\debug\net9.0\shoppingcart.tests.dll" id="2ac53ca2-1274-1bbe-2cb5-954ccd617b4d">
      <Execution id="d7ecbd93-d3f6-4990-bdac-4d8d51c3af40" />
      <TestMethod codeBase="C:\Users\elkku\otp2-tasks\inClass1\shopping-cart\tests\ShoppingCart.Tests\bin\Debug\net9.0\ShoppingCart.Tests.dll" adapterTypeName="executor://xunit/VsTestRunner2/netcoreapp" className="ShoppingCart.Tests.PricingServiceTests" name="CalculateTotal_ReturnsSumOfPriceTimesQuantity" />
    </UnitTest>
    <UnitTest name="ShoppingCart.Tests.PricingServiceTests.CalculateTotal_SingleItem_CalculatesCorrectly" storage="c:\users\elkku\otp2-tasks\inclass1\shopping-cart\tests\shoppingcart.tests\bin\debug\net9.0\shoppingcart.tests.dll" id="b987193a-fd52-ddc4-ca7f-d5ef21343467">
      <Execution id="49862333-f1e0-4033-90b3-3e63402ae96f" />
      <TestMethod codeBase="C:\Users\elkku\otp2-tasks\inClass1\shopping-cart\tests\ShoppingCart.Tests\bin\Debug\net9.0\ShoppingCart.Tests.dll" adapterTypeName="executor://xunit/VsTestRunner2/netcoreapp" className="ShoppingCart.Tests.PricingServiceTests" name="CalculateTotal_SingleItem_CalculatesCorrectly" />
    </UnitTest>
    <UnitTest name="ShoppingCart.Tests.PricingServiceTests.CalculateTotal_NegativeValues_IncludedInSum" storage="c:\users\elkku\otp2-tasks\inclass1\shopping-cart\tests\shoppingcart.tests\bin\debug\net9.0\shoppingcart.tests.dll" id="1c3c2195-93a9-9e9f-78fa-439b73134daa">
      <Execution id="f1254093-2d72-4157-af78-ce30f2bd6b13" />
      <TestMethod codeBase="C:\Users\elkku\otp2-tasks\inClass1\shopping-cart\tests\ShoppingCart.Tests\bin\Debug\net9.0\ShoppingCart.Tests.dll" adapterTypeName="executor://xunit/VsTestRunner2/netcoreapp" className="ShoppingCart.Tests.PricingServiceTests" name="CalculateTotal_NegativeValues_IncludedInSum" />
    </UnitTest>
  </TestDefinitions>
  <TestEntries>
    <TestEntry testId="36638334-bbc6-c475-7b17-43fa87698e70" executionId="5ef884ec-0a89-4140-b5a3-c4dc8a5f5d7f" testListId="8c84fa94-04c1-424b-9868-57a2d4851a1d" />
    <TestEntry testId="30243816-95cb-e825-f737-660b31b70511" executionId="4064c7d8-94fe-4138-beaa-ca702781a961" testListId="8c84fa94-04c1-424b-9868-57a2d4851a1d" />
    <TestEntry testId="b6ae1eaa-ee8e-0676-5f88-ffd977c4ee4b" executionId="574bc333-c7dd-4aa1-b1db-84d838846303" testListId="8c84fa94-04c1-424b-9868-57a2d4851a1d" />
    <TestEntry testId="b987193a-fd52-ddc4-ca7f-d5ef21343467" executionId="49862333-f1e0-4033-90b3-3e63402ae96f" testListId="8c84fa94-04c1-424b-9868-57a2d4851a1d" />
    <TestEntry testId="1c3c2195-93a9-9e9f-78fa-439b73134daa" executionId="f1254093-2d72-4157-af78-ce30f2bd6b13" testListId="8c84fa94-04c1-424b-9868-57a2d4851a1d" />
    <TestEntry testId="2ac53ca2-1274-1bbe-2cb5-954ccd617b4d" executionId="d7ecbd93-d3f6-4990-bdac-4d8d51c3af40" testListId="8c84fa94-04c1-424b-9868-57a2d4851a1d" />
    <TestEntry testId="d984b7c4-b753-4d04-d364-4c0abeb664fd" executionId="1e32f80f-d1a2-4d54-88df-07e65e9954fa" testListId="8c84fa94-04c1-424b-9868-57a2d4851a1d" />
    <TestEntry testId="d0f8a5e7-a88d-0be8-ac17-1499c73d48fb" executionId="1d7187a5-34f1-4fbf-bd4d-508158102813" testListId="8c84fa94-04c1-424b-9868-57a2d4851a1d" />
  </TestEntries>
  <TestLists>
    <TestList name="Results Not in a List" id="8c84fa94-04c1-424b-9868-57a2d4851a1d" />
    <TestList name="All Loaded Results" id="19431567-8539-422a-85d7-44ee4e166bda" />
  </TestLists>
  <ResultSummary outcome="Completed">
    <Counters total="8" executed="8" passed="8" failed="0" error="0" timeout="0" aborted="0" inconclusive="0" passedButRunAborted="0" notRunnable="0" notExecuted="0" disconnected="0" warning="0" completed="0" inProgress="0" pending="0" />
    <Output>
      <StdOut>[xUnit.net 00:00:00.00] xUnit.net VSTest Adapter v2.5.3.1+6b60a9e56a (64-bit .NET 9.0.8)&#xD;
[xUnit.net 00:00:00.20]   Discovering: ShoppingCart.Tests&#xD;
[xUnit.net 00:00:00.33]   Discovered:  ShoppingCart.Tests&#xD;
[xUnit.net 00:00:00.33]   Starting:    ShoppingCart.Tests&#xD;
[xUnit.net 00:00:00.44]   Finished:    ShoppingCart.Tests&#xD;
</StdOut>
    </Output>
  </ResultSummary>
</TestRun>