<?xml version="1.0" encoding="utf-8"?>
<TestRun id="cbb28665-6bb5-4d88-97ab-ab6d81d86793" name="elkku@VICTUS 2025-10-22 22:32:27" runUser="VICTUS\elkku" xmlns="http://microsoft.com/schemas/VisualStudio/TeamTest/2010">
  <Times creation="2025-10-22T22:32:27.3048254+03:00" queuing="2025-10-22T22:32:27.3048259+03:00" start="2025-10-22T22:32:26.0836697+03:00" finish="2025-10-22T22:32:27.3103756+03:00" />
  <TestSettings name="default" id="4c84d237-b51c-45ac-a6be-b03c2ce3a8e9">
    <Deployment runDeploymentRoot="elkku_VICTUS_2025-10-22_22_32_27" />
  </TestSettings>
  <Results>
    <UnitTestResult executionId="8a19b47f-6290-490d-9002-e8207f61035f" testId="1c3c2195-93a9-9e9f-78fa-439b73134daa" testName="ShoppingCart.Tests.PricingServiceTests.CalculateTotal_NegativeValues_IncludedInSum" computerName="VICTUS" duration="00:00:00.0002173" startTime="2025-10-22T22:32:27.0869695+03:00" endTime="2025-10-22T22:32:27.0869695+03:00" testType="13cdc9d9-ddb5-4fa4-a97d-d965ccfc6d4b" outcome="Passed" testListId="8c84fa94-04c1-424b-9868-57a2d4851a1d" relativeResultsDirectory="8a19b47f-6290-490d-9002-e8207f61035f" />
    <UnitTestResult executionId="587664c3-f872-46c7-a4db-867aa495a440" testId="d984b7c4-b753-4d04-d364-4c0abeb664fd" testName="ShoppingCart.Tests.PricingServiceTests.CalculateTotal_ZeroPriceOrQuantity_ReturnsZero(price: 0, qty: 0, expected: 0)" computerName="VICTUS" duration="00:00:00.0000240" startTime="2025-10-22T22:32:27.0871067+03:00" endTime="2025-10-22T22:32:27.0871077+03:00" testType="13cdc9d9-ddb5-4fa4-a97d-d965ccfc6d4b" outcome="Passed" testListId="8c84fa94-04c1-424b-9868-57a2d4851a1d" relativeResultsDirectory="587664c3-f872-46c7-a4db-867aa495a440" />
    <UnitTestResult executionId="ff06a4ff-32b4-46ff-b9c5-84cf1e5a2506" testId="b6ae1eaa-ee8e-0676-5f88-ffd977c4ee4b" testName="ShoppingCart.Tests.PricingServiceTests.CalculateTotal_EmptyList_ReturnsZero" computerName="VICTUS" duration="00:00:00.0007573" startTime="2025-10-22T22:32:27.0862135+03:00" endTime="2025-10-22T22:32:27.0862136+03:00" testType="13cdc9d9-ddb5-4fa4-a97d-d965ccfc6d4b" outcome="Passed" testListId="8c84fa94-04c1-424b-9868-57a2d4851a1d" relativeResultsDirectory="ff06a4ff-32b4-46ff-b9c5-84cf1e5a2506" />
    <UnitTestResult executionId="92de504e-3839-4073-b3fb-31e98d5a102d" testId="d0f8a5e7-a88d-0be8-ac17-1499c73d48fb" testName="ShoppingCart.Tests.PricingServiceTests.CalculateTotal_ZeroPriceOrQuantity_ReturnsZero(price: 0, qty: 5, expected: 0)" computerName="VICTUS" duration="00:00:00.0001660" startTime="2025-10-22T22:32:27.0870327+03:00" endTime="2025-10-22T22:32:27.0870329+03:00" testType="13cdc9d9-ddb5-4fa4-a97d-d965ccfc6d4b" outcome="Passed" testListId="8c84fa94-04c1-424b-9868-57a2d4851a1d" relativeResultsDirectory="92de504e-3839-4073-b3fb-31e98d5a102d" />
    <UnitTestResult executionId="c75d084c-8a34-4fba-bb6e-eae42b97e539" testId="30243816-95cb-e825-f737-660b31b70511" testName="ShoppingCart.Tests.PricingServiceTests.CalculateTotal_ZeroPriceOrQuantity_ReturnsZero(price: 5, qty: 0, expected: 0)" computerName="VICTUS" duration="00:00:00.0007339" startTime="2025-10-22T22:32:27.0870795+03:00" endTime="2025-10-22T22:32:27.0870795+03:00" testType="13cdc9d9-ddb5-4fa4-a97d-d965ccfc6d4b" outcome="Passed" testListId="8c84fa94-04c1-424b-9868-57a2d4851a1d" relativeResultsDirectory="c75d084c-8a34-4fba-bb6e-eae42b97e539" />
    <UnitTestResult executionId="b3beba6f-b1ef-4565-ad5e-6133e0d92028" testId="2ac53ca2-1274-1bbe-2cb5-954ccd617b4d" testName="ShoppingCart.Tests.PricingServiceTests.CalculateTotal_ReturnsSumOfPriceTimesQuantity" computerName="VICTUS" duration="00:00:00.0003211" startTime="2025-10-22T22:32:27.0868254+03:00" endTime="2025-10-22T22:32:27.0868255+03:00" testType="13cdc9d9-ddb5-4fa4-a97d-d965ccfc6d4b" outcome="Passed" testListId="8c84fa94-04c1-424b-9868-57a2d4851a1d" relativeResultsDirectory="b3beba6f-b1ef-4565-ad5e-6133e0d92028" />
    <UnitTestResult executionId="3e7bd747-dae5-4e34-83d7-01c96ae4cef0" testId="b987193a-fd52-ddc4-ca7f-d5ef21343467" testName="ShoppingCart.Tests.PricingServiceTests.CalculateTotal_SingleItem_CalculatesCorrectly" computerName="VICTUS" duration="00:00:00.0261915" startTime="2025-10-22T22:32:27.0796458+03:00" endTime="2025-10-22T22:32:27.0796815+03:00" testType="13cdc9d9-ddb5-4fa4-a97d-d965ccfc6d4b" outcome="Passed" testListId="8c84fa94-04c1-424b-9868-57a2d4851a1d" relativeResultsDirectory="3e7bd747-dae5-4e34-83d7-01c96ae4cef0" />
    <UnitTestResult executionId="e996b722-ceaa-4383-bfe9-26e8d3e4bab2" testId="36638334-bbc6-c475-7b17-43fa87698e70" testName="ShoppingCart.Tests.PricingServiceTests.CalculateTotal_Precision_IsPreserved" computerName="VICTUS" duration="00:00:00.0003687" startTime="2025-10-22T22:32:27.0871423+03:00" endTime="2025-10-22T22:32:27.0871424+03:00" testType="13cdc9d9-ddb5-4fa4-a97d-d965ccfc6d4b" outcome="Passed" testListId="8c84fa94-04c1-424b-9868-57a2d4851a1d" relativeResultsDirectory="e996b722-ceaa-4383-bfe9-26e8d3e4bab2" />
  </Results>
  <TestDefinitions>
    <UnitTest name="ShoppingCart.Tests.PricingServiceTests.CalculateTotal_EmptyList_ReturnsZero" storage="c:\users\elkku\otp2-tasks\inclass1\shopping-cart\tests\shoppingcart.tests\bin\debug\net9.0\shoppingcart.tests.dll" id="b6ae1eaa-ee8e-0676-5f88-ffd977c4ee4b">
      <Execution id="ff06a4ff-32b4-46ff-b9c5-84cf1e5a2506" />
      <TestMethod codeBase="C:\Users\elkku\otp2-tasks\inClass1\shopping-cart\tests\ShoppingCart.Tests\bin\Debug\net9.0\ShoppingCart.Tests.dll" adapterTypeName="executor://xunit/VsTestRunner2/netcoreapp" className="ShoppingCart.Tests.PricingServiceTests" name="CalculateTotal_EmptyList_ReturnsZero" />
    </UnitTest>
    <UnitTest name="ShoppingCart.Tests.PricingServiceTests.CalculateTotal_ZeroPriceOrQuantity_ReturnsZero(price: 0, qty: 0, expected: 0)" storage="c:\users\elkku\otp2-tasks\inclass1\shopping-cart\tests\shoppingcart.tests\bin\debug\net9.0\shoppingcart.tests.dll" id="d984b7c4-b753-4d04-d364-4c0abeb664fd">
      <Execution id="587664c3-f872-46c7-a4db-867aa495a440" />
      <TestMethod codeBase="C:\Users\elkku\otp2-tasks\inClass1\shopping-cart\tests\ShoppingCart.Tests\bin\Debug\net9.0\ShoppingCart.Tests.dll" adapterTypeName="executor://xunit/VsTestRunner2/netcoreapp" className="ShoppingCart.Tests.PricingServiceTests" name="CalculateTotal_ZeroPriceOrQuantity_ReturnsZero" />
    </UnitTest>
    <UnitTest name="ShoppingCart.Tests.PricingServiceTests.CalculateTotal_ZeroPriceOrQuantity_ReturnsZero(price: 5, qty: 0, expected: 0)" storage="c:\users\elkku\otp2-tasks\inclass1\shopping-cart\tests\shoppingcart.tests\bin\debug\net9.0\shoppingcart.tests.dll" id="30243816-95cb-e825-f737-660b31b70511">
      <Execution id="c75d084c-8a34-4fba-bb6e-eae42b97e539" />
      <TestMethod codeBase="C:\Users\elkku\otp2-tasks\inClass1\shopping-cart\tests\ShoppingCart.Tests\bin\Debug\net9.0\ShoppingCart.Tests.dll" adapterTypeName="executor://xunit/VsTestRunner2/netcoreapp" className="ShoppingCart.Tests.PricingServiceTests" name="CalculateTotal_ZeroPriceOrQuantity_ReturnsZero" />
    </UnitTest>
    <UnitTest name="ShoppingCart.Tests.PricingServiceTests.CalculateTotal_ZeroPriceOrQuantity_ReturnsZero(price: 0, qty: 5, expected: 0)" storage="c:\users\elkku\otp2-tasks\inclass1\shopping-cart\tests\shoppingcart.tests\bin\debug\net9.0\shoppingcart.tests.dll" id="d0f8a5e7-a88d-0be8-ac17-1499c73d48fb">
      <Execution id="92de504e-3839-4073-b3fb-31e98d5a102d" />
      <TestMethod codeBase="C:\Users\elkku\otp2-tasks\inClass1\shopping-cart\tests\ShoppingCart.Tests\bin\Debug\net9.0\ShoppingCart.Tests.dll" adapterTypeName="executor://xunit/VsTestRunner2/netcoreapp" className="ShoppingCart.Tests.PricingServiceTests" name="CalculateTotal_ZeroPriceOrQuantity_ReturnsZero" />
    </UnitTest>
    <UnitTest name="ShoppingCart.Tests.PricingServiceTests.CalculateTotal_Precision_IsPreserved" storage="c:\users\elkku\otp2-tasks\inclass1\shopping-cart\tests\shoppingcart.tests\bin\debug\net9.0\shoppingcart.tests.dll" id="36638334-bbc6-c475-7b17-43fa87698e70">
      <Execution id="e996b722-ceaa-4383-bfe9-26e8d3e4bab2" />
      <TestMethod codeBase="C:\Users\elkku\otp2-tasks\inClass1\shopping-cart\tests\ShoppingCart.Tests\bin\Debug\net9.0\ShoppingCart.Tests.dll" adapterTypeName="executor://xunit/VsTestRunner2/netcoreapp" className="ShoppingCart.Tests.PricingServiceTests" name="CalculateTotal_Precision_IsPreserved" />
    </UnitTest>
    <UnitTest name="ShoppingCart.Tests.PricingServiceTests.CalculateTotal_ReturnsSumOfPriceTimesQuantity" storage="c:\users\elkku\otp2-tasks\inclass1\shopping-cart\tests\shoppingcart.tests\bin\debug\net9.0\shoppingcart.tests.dll" id="2ac53ca2-1274-1bbe-2cb5-954ccd617b4d">
      <Execution id="b3beba6f-b1ef-4565-ad5e-6133e0d92028" />
      <TestMethod codeBase="C:\Users\elkku\otp2-tasks\inClass1\shopping-cart\tests\ShoppingCart.Tests\bin\Debug\net9.0\ShoppingCart.Tests.dll" adapterTypeName="executor://xunit/VsTestRunner2/netcoreapp" className="ShoppingCart.Tests.PricingServiceTests" name="CalculateTotal_ReturnsSumOfPriceTimesQuantity" />
    </UnitTest>
    <UnitTest name="ShoppingCart.Tests.PricingServiceTests.CalculateTotal_SingleItem_CalculatesCorrectly" storage="c:\users\elkku\otp2-tasks\inclass1\shopping-cart\tests\shoppingcart.tests\bin\debug\net9.0\shoppingcart.tests.dll" id="b987193a-fd52-ddc4-ca7f-d5ef21343467">
      <Execution id="3e7bd747-dae5-4e34-83d7-01c96ae4cef0" />
      <TestMethod codeBase="C:\Users\elkku\otp2-tasks\inClass1\shopping-cart\tests\ShoppingCart.Tests\bin\Debug\net9.0\ShoppingCart.Tests.dll" adapterTypeName="executor://xunit/VsTestRunner2/netcoreapp" className="ShoppingCart.Tests.PricingServiceTests" name="CalculateTotal_SingleItem_CalculatesCorrectly" />
    </UnitTest>
    <UnitTest name="ShoppingCart.Tests.PricingServiceTests.CalculateTotal_NegativeValues_IncludedInSum" storage="c:\users\elkku\otp2-tasks\inclass1\shopping-cart\tests\shoppingcart.tests\bin\debug\net9.0\shoppingcart.tests.dll" id="1c3c2195-93a9-9e9f-78fa-439b73134daa">
      <Execution id="8a19b47f-6290-490d-9002-e8207f61035f" />
      <TestMethod codeBase="C:\Users\elkku\otp2-tasks\inClass1\shopping-cart\tests\ShoppingCart.Tests\bin\Debug\net9.0\ShoppingCart.Tests.dll" adapterTypeName="executor://xunit/VsTestRunner2/netcoreapp" className="ShoppingCart.Tests.PricingServiceTests" name="CalculateTotal_NegativeValues_IncludedInSum" />
    </UnitTest>
  </TestDefinitions>
  <TestEntries>
    <TestEntry testId="1c3c2195-93a9-9e9f-78fa-439b73134daa" executionId="8a19b47f-6290-490d-9002-e8207f61035f" testListId="8c84fa94-04c1-424b-9868-57a2d4851a1d" />
    <TestEntry testId="d984b7c4-b753-4d04-d364-4c0abeb664fd" executionId="587664c3-f872-46c7-a4db-867aa495a440" testListId="8c84fa94-04c1-424b-9868-57a2d4851a1d" />
    <TestEntry testId="b6ae1eaa-ee8e-0676-5f88-ffd977c4ee4b" executionId="ff06a4ff-32b4-46ff-b9c5-84cf1e5a2506" testListId="8c84fa94-04c1-424b-9868-57a2d4851a1d" />
    <TestEntry testId="d0f8a5e7-a88d-0be8-ac17-1499c73d48fb" executionId="92de504e-3839-4073-b3fb-31e98d5a102d" testListId="8c84fa94-04c1-424b-9868-57a2d4851a1d" />
    <TestEntry testId="30243816-95cb-e825-f737-660b31b70511" executionId="c75d084c-8a34-4fba-bb6e-eae42b97e539" testListId="8c84fa94-04c1-424b-9868-57a2d4851a1d" />
    <TestEntry testId="2ac53ca2-1274-1bbe-2cb5-954ccd617b4d" executionId="b3beba6f-b1ef-4565-ad5e-6133e0d92028" testListId="8c84fa94-04c1-424b-9868-57a2d4851a1d" />
    <TestEntry testId="b987193a-fd52-ddc4-ca7f-d5ef21343467" executionId="3e7bd747-dae5-4e34-83d7-01c96ae4cef0" testListId="8c84fa94-04c1-424b-9868-57a2d4851a1d" />
    <TestEntry testId="36638334-bbc6-c475-7b17-43fa87698e70" executionId="e996b722-ceaa-4383-bfe9-26e8d3e4bab2" testListId="8c84fa94-04c1-424b-9868-57a2d4851a1d" />
  </TestEntries>
  <TestLists>
    <TestList name="Results Not in a List" id="8c84fa94-04c1-424b-9868-57a2d4851a1d" />
    <TestList name="All Loaded Results" id="19431567-8539-422a-85d7-44ee4e166bda" />
  </TestLists>
  <ResultSummary outcome="Completed">
    <Counters total="8" executed="8" passed="8" failed="0" error="0" timeout="0" aborted="0" inconclusive="0" passedButRunAborted="0" notRunnable="0" notExecuted="0" disconnected="0" warning="0" completed="0" inProgress="0" pending="0" />
    <Output>
      <StdOut>[xUnit.net 00:00:00.00] xUnit.net VSTest Adapter v2.5.3.1+6b60a9e56a (64-bit .NET 9.0.8)&#xD;
[xUnit.net 00:00:00.10]   Discovering: ShoppingCart.Tests&#xD;
[xUnit.net 00:00:00.19]   Discovered:  ShoppingCart.Tests&#xD;
[xUnit.net 00:00:00.20]   Starting:    ShoppingCart.Tests&#xD;
[xUnit.net 00:00:00.34]   Finished:    ShoppingCart.Tests&#xD;
</StdOut>
    </Output>
  </ResultSummary>
</TestRun>